// Jest Snapshot v1, https://goo.gl/fbAQLP

exports[`should render ExpenseList wiht empty message 1`] = `
<div>
  <p>
    No expenses
  </p>
</div>
`;

exports[`should render expense list with expenses 1`] = `
<div>
  <ExpenseListItem
    amount={1000}
    createdAt={0}
    description="stuff"
    id="1"
    key="1"
    note=""
  />
  <ExpenseListItem
    amount={102400}
    createdAt={-345600000}
    description="rent"
    id="2"
    key="2"
    note=""
  />
  <ExpenseListItem
    amount={6500}
    createdAt={345600000}
    description="gas"
    id="3"
    key="3"
    note=""
  />
</div>
`;
